
> my-v0-project@0.1.0 build:next
> next build

   Γû▓ Next.js 16.0.10 (Turbopack)
   - Environments: .env.local

   Creating an optimized production build ...
 Γ£ô Compiled successfully in 18.8s
   Running TypeScript ...
node.exe : Failed to compile.
At C:\Program Files\npm.ps1:29 char:3
+   & $NODE_EXE $NPM_CLI_JS $args
+   ~~~~~~~~~~~~~~~~~~~~~~~~~~~~~
    + CategoryInfo          : NotSpecifie 
   d: (Failed to compile.:String) [], Re  
  moteException
    + FullyQualifiedErrorId : NativeComma 
   ndError
 

./convex/ai/responseGenerators.ts:114:83
Type error: Function lacks ending return 
statement and return type does not 
include 'undefined'.

[0m [90m 112 |[39m   }
 [90m 113 |[39m
[31m[1m>[22m[39m[90m 114 |[39m   
[36mprivate[39m 
synthesizeFacts(baseResponse[33m:[39m 
string[33m,[39m facts[33m:[39m 
string[][33m,[39m intent[33m:[39m 
string)[33m:[39m string {
 [90m     |[39m                         
                                          
                [31m[1m^[22m[39m
 [90m 115 |[39m     [90m// Extract 
helpful contact info from facts[39m
 [90m 116 |[39m     [36mconst[39m 
phoneNumbers[33m:[39m string[] 
[33m=[39m []
 [90m 117 |[39m     [36mconst[39m 
resources[33m:[39m string[] [33m=[39m 
[][0m
Next.js build worker exited with code: 1 
and signal: null
